
> tracelearn@1.3.0 build
> tsc --noEmit && vite build

vite v8.3.0 building client environment for production...
transforming...
✓ 1892 modules transformed.
rendering chunks...
computing gzip size...
dist/index.html                   0.42 kB │ gzip:   0.30 kB
dist/assets/index-XSjzbSOP.css   35.72 kB │ gzip:   7.95 kB
dist/assets/index-BamV6-5I.js   867.22 kB │ gzip: 162.60 kB

✓ built in 175ms
[plugin builtin:vite-reporter] 
(!) Some chunks are larger than 500 kB after minification. Consider:
- Using dynamic import() to code-split the application
- Use build.rolldownOptions.output.codeSplitting to improve chunking: https://rolldown.rs/reference/OutputOptions.codeSplitting
- Adjust chunk size limit for this warning via build.chunkSizeWarningLimit.

> tracelearn@1.3.0 build:portable
> tsx scripts/prepare-review.ts && tsx scripts/prepare-v13-review.ts && tsx scripts/build-portable.ts

Prepared all 160 recorded outputs for inspection.
Prepared 160 authenticated current records from 80 cases.
vite v8.3.0 building client environment for production...
transforming...
✓ 1890 modules transformed.
rendering chunks...
computing gzip size...
.local/portable-build/tracelearn.css   35.73 kB │ gzip:   7.96 kB
.local/portable-build/portable.js     886.33 kB │ gzip: 167.83 kB

✓ built in 107ms
Portable practice: 922680 bytes, self-contained HTML. Open directly in a browser.
